26-03-06 19:27:40.312 [http-nio-8081-exec-2] ERROR n.e.journalApp.service.RedisService - exception=org.springframework.data.redis.RedisConnectionFailureException: Unable to connect to Redis; nested exception is io.lettuce.core.RedisConnectionException: Unable to connect to redis-13494.crce182.ap-south-1-1.ec2.cloud.redislabs.com/<unresolved>:13494 
26-03-06 19:27:41.513 [http-nio-8081-exec-2] ERROR n.e.journalApp.service.RedisService - Exception  
java.lang.IllegalStateException: LettuceConnectionFactory was destroyed and cannot be used anymore
	at org.springframework.util.Assert.state(Assert.java:76)
	at org.springframework.data.redis.connection.lettuce.LettuceConnectionFactory.assertInitialized(LettuceConnectionFactory.java:1263)
	at org.springframework.data.redis.connection.lettuce.LettuceConnectionFactory.getConnection(LettuceConnectionFactory.java:414)
	at org.springframework.data.redis.core.RedisConnectionUtils.fetchConnection(RedisConnectionUtils.java:193)
	at org.springframework.data.redis.core.RedisConnectionUtils.doGetConnection(RedisConnectionUtils.java:144)
	at org.springframework.data.redis.core.RedisConnectionUtils.getConnection(RedisConnectionUtils.java:105)
	at org.springframework.data.redis.core.RedisTemplate.execute(RedisTemplate.java:211)
	at org.springframework.data.redis.core.RedisTemplate.execute(RedisTemplate.java:191)
	at org.springframework.data.redis.core.AbstractOperations.execute(AbstractOperations.java:97)
	at org.springframework.data.redis.core.DefaultValueOperations.set(DefaultValueOperations.java:325)
	at net.engineeringdigest.journalApp.service.RedisService.set(RedisService.java:37)
	at net.engineeringdigest.journalApp.service.WeatherService.getWeather(WeatherService.java:40)
	at net.engineeringdigest.journalApp.controller.UserController.greeting(UserController.java:56)
	at java.base/jdk.internal.reflect.NativeMethodAccessorImpl.invoke0(Native Method)
	at java.base/jdk.internal.reflect.NativeMethodAccessorImpl.invoke(NativeMethodAccessorImpl.java:77)
	at java.base/jdk.internal.reflect.DelegatingMethodAccessorImpl.invoke(DelegatingMethodAccessorImpl.java:43)
	at java.base/java.lang.reflect.Method.invoke(Method.java:569)
	at org.springframework.web.method.support.InvocableHandlerMethod.doInvoke(InvocableHandlerMethod.java:205)
	at org.springframework.web.method.support.InvocableHandlerMethod.invokeForRequest(InvocableHandlerMethod.java:150)
	at org.springframework.web.servlet.mvc.method.annotation.ServletInvocableHandlerMethod.invokeAndHandle(ServletInvocableHandlerMethod.java:117)
	at org.springframework.web.servlet.mvc.method.annotation.RequestMappingHandlerAdapter.invokeHandlerMethod(RequestMappingHandlerAdapter.java:895)
	at org.springframework.web.servlet.mvc.method.annotation.RequestMappingHandlerAdapter.handleInternal(RequestMappingHandlerAdapter.java:808)
	at org.springframework.web.servlet.mvc.method.AbstractHandlerMethodAdapter.handle(AbstractHandlerMethodAdapter.java:87)
	at org.springframework.web.servlet.DispatcherServlet.doDispatch(DispatcherServlet.java:1072)
	at org.springframework.web.servlet.DispatcherServlet.doService(DispatcherServlet.java:965)
	at org.springframework.web.servlet.FrameworkServlet.processRequest(FrameworkServlet.java:1006)
	at org.springframework.web.servlet.FrameworkServlet.doGet(FrameworkServlet.java:898)
	at javax.servlet.http.HttpServlet.service(HttpServlet.java:529)
	at org.springframework.web.servlet.FrameworkServlet.service(FrameworkServlet.java:883)
	at javax.servlet.http.HttpServlet.service(HttpServlet.java:623)
	at org.apache.catalina.core.ApplicationFilterChain.internalDoFilter(ApplicationFilterChain.java:209)
	at org.apache.catalina.core.ApplicationFilterChain.doFilter(ApplicationFilterChain.java:153)
	at org.apache.tomcat.websocket.server.WsFilter.doFilter(WsFilter.java:51)
	at org.apache.catalina.core.ApplicationFilterChain.internalDoFilter(ApplicationFilterChain.java:178)
	at org.apache.catalina.core.ApplicationFilterChain.doFilter(ApplicationFilterChain.java:153)
	at org.springframework.security.web.FilterChainProxy$VirtualFilterChain.doFilter(FilterChainProxy.java:337)
	at org.springframework.security.web.access.intercept.FilterSecurityInterceptor.invoke(FilterSecurityInterceptor.java:115)
	at org.springframework.security.web.access.intercept.FilterSecurityInterceptor.doFilter(FilterSecurityInterceptor.java:81)
	at org.springframework.security.web.FilterChainProxy$VirtualFilterChain.doFilter(FilterChainProxy.java:346)
	at org.springframework.security.web.access.ExceptionTranslationFilter.doFilter(ExceptionTranslationFilter.java:122)
	at org.springframework.security.web.access.ExceptionTranslationFilter.doFilter(ExceptionTranslationFilter.java:116)
	at org.springframework.security.web.FilterChainProxy$VirtualFilterChain.doFilter(FilterChainProxy.java:346)
	at org.springframework.security.web.session.SessionManagementFilter.doFilter(SessionManagementFilter.java:126)
	at org.springframework.security.web.session.SessionManagementFilter.doFilter(SessionManagementFilter.java:81)
	at org.springframework.security.web.FilterChainProxy$VirtualFilterChain.doFilter(FilterChainProxy.java:346)
	at org.springframework.security.web.authentication.AnonymousAuthenticationFilter.doFilter(AnonymousAuthenticationFilter.java:109)
	at org.springframework.security.web.FilterChainProxy$VirtualFilterChain.doFilter(FilterChainProxy.java:346)
	at org.springframework.security.web.servletapi.SecurityContextHolderAwareRequestFilter.doFilter(SecurityContextHolderAwareRequestFilter.java:149)
	at org.springframework.security.web.FilterChainProxy$VirtualFilterChain.doFilter(FilterChainProxy.java:346)
	at org.springframework.security.web.savedrequest.RequestCacheAwareFilter.doFilter(RequestCacheAwareFilter.java:63)
	at org.springframework.security.web.FilterChainProxy$VirtualFilterChain.doFilter(FilterChainProxy.java:346)
	at org.springframework.security.web.authentication.www.BasicAuthenticationFilter.doFilterInternal(BasicAuthenticationFilter.java:196)
	at org.springframework.web.filter.OncePerRequestFilter.doFilter(OncePerRequestFilter.java:117)
	at org.springframework.security.web.FilterChainProxy$VirtualFilterChain.doFilter(FilterChainProxy.java:346)
	at org.springframework.security.web.authentication.logout.LogoutFilter.doFilter(LogoutFilter.java:103)
	at org.springframework.security.web.authentication.logout.LogoutFilter.doFilter(LogoutFilter.java:89)
	at org.springframework.security.web.FilterChainProxy$VirtualFilterChain.doFilter(FilterChainProxy.java:346)
	at org.springframework.security.web.header.HeaderWriterFilter.doHeadersAfter(HeaderWriterFilter.java:90)
	at org.springframework.security.web.header.HeaderWriterFilter.doFilterInternal(HeaderWriterFilter.java:75)
	at org.springframework.web.filter.OncePerRequestFilter.doFilter(OncePerRequestFilter.java:117)
	at org.springframework.security.web.FilterChainProxy$VirtualFilterChain.doFilter(FilterChainProxy.java:346)
	at org.springframework.security.web.context.SecurityContextPersistenceFilter.doFilter(SecurityContextPersistenceFilter.java:112)
	at org.springframework.security.web.context.SecurityContextPersistenceFilter.doFilter(SecurityContextPersistenceFilter.java:82)
	at org.springframework.security.web.FilterChainProxy$VirtualFilterChain.doFilter(FilterChainProxy.java:346)
	at org.springframework.security.web.context.request.async.WebAsyncManagerIntegrationFilter.doFilterInternal(WebAsyncManagerIntegrationFilter.java:55)
	at org.springframework.web.filter.OncePerRequestFilter.doFilter(OncePerRequestFilter.java:117)
	at org.springframework.security.web.FilterChainProxy$VirtualFilterChain.doFilter(FilterChainProxy.java:346)
	at org.springframework.security.web.session.DisableEncodeUrlFilter.doFilterInternal(DisableEncodeUrlFilter.java:42)
	at org.springframework.web.filter.OncePerRequestFilter.doFilter(OncePerRequestFilter.java:117)
	at org.springframework.security.web.FilterChainProxy$VirtualFilterChain.doFilter(FilterChainProxy.java:346)
	at org.springframework.security.web.FilterChainProxy.doFilterInternal(FilterChainProxy.java:221)
	at org.springframework.security.web.FilterChainProxy.doFilter(FilterChainProxy.java:186)
	at org.springframework.web.filter.DelegatingFilterProxy.invokeDelegate(DelegatingFilterProxy.java:354)
	at org.springframework.web.filter.DelegatingFilterProxy.doFilter(DelegatingFilterProxy.java:267)
	at org.apache.catalina.core.ApplicationFilterChain.internalDoFilter(ApplicationFilterChain.java:178)
	at org.apache.catalina.core.ApplicationFilterChain.doFilter(ApplicationFilterChain.java:153)
	at org.springframework.web.filter.RequestContextFilter.doFilterInternal(RequestContextFilter.java:100)
	at org.springframework.web.filter.OncePerRequestFilter.doFilter(OncePerRequestFilter.java:117)
	at org.apache.catalina.core.ApplicationFilterChain.internalDoFilter(ApplicationFilterChain.java:178)
	at org.apache.catalina.core.ApplicationFilterChain.doFilter(ApplicationFilterChain.java:153)
	at org.springframework.web.filter.FormContentFilter.doFilterInternal(FormContentFilter.java:93)
	at org.springframework.web.filter.OncePerRequestFilter.doFilter(OncePerRequestFilter.java:117)
	at org.apache.catalina.core.ApplicationFilterChain.internalDoFilter(ApplicationFilterChain.java:178)
	at org.apache.catalina.core.ApplicationFilterChain.doFilter(ApplicationFilterChain.java:153)
	at org.springframework.web.filter.CharacterEncodingFilter.doFilterInternal(CharacterEncodingFilter.java:201)
	at org.springframework.web.filter.OncePerRequestFilter.doFilter(OncePerRequestFilter.java:117)
	at org.apache.catalina.core.ApplicationFilterChain.internalDoFilter(ApplicationFilterChain.java:178)
	at org.apache.catalina.core.ApplicationFilterChain.doFilter(ApplicationFilterChain.java:153)
	at org.apache.catalina.core.StandardWrapperValve.invoke(StandardWrapperValve.java:167)
	at org.apache.catalina.core.StandardContextValve.invoke(StandardContextValve.java:90)
	at org.apache.catalina.authenticator.AuthenticatorBase.invoke(AuthenticatorBase.java:481)
	at org.apache.catalina.core.StandardHostValve.invoke(StandardHostValve.java:130)
	at org.apache.catalina.valves.ErrorReportValve.invoke(ErrorReportValve.java:93)
	at org.apache.catalina.core.StandardEngineValve.invoke(StandardEngineValve.java:74)
	at org.apache.catalina.connector.CoyoteAdapter.service(CoyoteAdapter.java:343)
	at org.apache.coyote.http11.Http11Processor.service(Http11Processor.java:390)
	at org.apache.coyote.AbstractProcessorLight.process(AbstractProcessorLight.java:63)
	at org.apache.coyote.AbstractProtocol$ConnectionHandler.process(AbstractProtocol.java:926)
	at org.apache.tomcat.util.net.NioEndpoint$SocketProcessor.doRun(NioEndpoint.java:1790)
	at org.apache.tomcat.util.net.SocketProcessorBase.run(SocketProcessorBase.java:52)
	at org.apache.tomcat.util.threads.ThreadPoolExecutor.runWorker(ThreadPoolExecutor.java:1191)
	at org.apache.tomcat.util.threads.ThreadPoolExecutor$Worker.run(ThreadPoolExecutor.java:659)
	at org.apache.tomcat.util.threads.TaskThread$WrappingRunnable.run(TaskThread.java:61)
	at java.base/java.lang.Thread.run(Thread.java:840)
26-03-06 19:27:49.429 [main] INFO  n.e.journalApp.JournalApplication - Starting JournalApplication using Java 17.0.16 on DESKTOP-19CC2O2 with PID 29472 (C:\Users\Aditya Malhotra\IdeaProjects\journalApp\target\classes started by Aditya Malhotra in C:\Users\Aditya Malhotra\IdeaProjects\journalApp) 
26-03-06 19:27:49.439 [main] INFO  n.e.journalApp.JournalApplication - No active profile set, falling back to 1 default profile: "default" 
26-03-06 19:27:50.841 [main] INFO  o.s.d.r.c.RepositoryConfigurationDelegate - Multiple Spring Data modules found, entering strict repository configuration mode 
26-03-06 19:27:50.845 [main] INFO  o.s.d.r.c.RepositoryConfigurationDelegate - Bootstrapping Spring Data MongoDB repositories in DEFAULT mode. 
26-03-06 19:27:51.120 [main] INFO  o.s.d.r.c.RepositoryConfigurationDelegate - Finished Spring Data repository scanning in 265 ms. Found 2 MongoDB repository interfaces. 
26-03-06 19:27:51.147 [main] INFO  o.s.d.r.c.RepositoryConfigurationDelegate - Multiple Spring Data modules found, entering strict repository configuration mode 
26-03-06 19:27:51.149 [main] INFO  o.s.d.r.c.RepositoryConfigurationDelegate - Bootstrapping Spring Data Redis repositories in DEFAULT mode. 
26-03-06 19:27:51.179 [main] INFO  o.s.d.r.c.RepositoryConfigurationExtensionSupport - Spring Data Redis - Could not safely identify store assignment for repository candidate interface net.engineeringdigest.journalApp.repository.JournalEntryRepository; If you want this repository to be a Redis repository, consider annotating your entities with one of these annotations: org.springframework.data.redis.core.RedisHash (preferred), or consider extending one of the following types with your repository: org.springframework.data.keyvalue.repository.KeyValueRepository 
26-03-06 19:27:51.181 [main] INFO  o.s.d.r.c.RepositoryConfigurationExtensionSupport - Spring Data Redis - Could not safely identify store assignment for repository candidate interface net.engineeringdigest.journalApp.repository.UserRepository; If you want this repository to be a Redis repository, consider annotating your entities with one of these annotations: org.springframework.data.redis.core.RedisHash (preferred), or consider extending one of the following types with your repository: org.springframework.data.keyvalue.repository.KeyValueRepository 
26-03-06 19:27:51.181 [main] INFO  o.s.d.r.c.RepositoryConfigurationDelegate - Finished Spring Data repository scanning in 15 ms. Found 0 Redis repository interfaces. 
26-03-06 19:27:52.364 [main] INFO  o.s.b.w.e.tomcat.TomcatWebServer - Tomcat initialized with port(s): 8081 (http) 
26-03-06 19:27:52.382 [main] INFO  o.a.coyote.http11.Http11NioProtocol - Initializing ProtocolHandler ["http-nio-8081"] 
26-03-06 19:27:52.391 [main] INFO  o.a.catalina.core.StandardService - Starting service [Tomcat] 
26-03-06 19:27:52.391 [main] INFO  o.a.catalina.core.StandardEngine - Starting Servlet engine: [Apache Tomcat/9.0.79] 
26-03-06 19:27:52.616 [main] INFO  o.a.c.c.C.[.[localhost].[/journal] - Initializing Spring embedded WebApplicationContext 
26-03-06 19:27:52.617 [main] INFO  o.s.b.w.s.c.ServletWebServerApplicationContext - Root WebApplicationContext: initialization completed in 3052 ms 
26-03-06 19:27:53.096 [cluster-ClusterId{value='69aadd616e922e1ce22f36d6', description='null'}-srv-cluster0.wt1vqbf.mongodb.net] INFO  org.mongodb.driver.cluster - Adding discovered server ac-iz6ygly-shard-00-01.wt1vqbf.mongodb.net:27017 to client view of cluster 
26-03-06 19:27:53.111 [main] INFO  org.mongodb.driver.client - MongoClient with metadata {"driver": {"name": "mongo-java-driver|sync|spring-boot", "version": "4.6.1"}, "os": {"type": "Windows", "name": "Windows 11", "architecture": "amd64", "version": "10.0"}, "platform": "Java/Microsoft/17.0.16+8-LTS"} created with settings MongoClientSettings{readPreference=primary, writeConcern=WriteConcern{w=majority, wTimeout=null ms, journal=null}, retryWrites=true, retryReads=true, readConcern=ReadConcern{level=null}, credential=MongoCredential{mechanism=null, userName='adityamalhotra911_db_user', source='admin', password=<hidden>, mechanismProperties=<hidden>}, streamFactoryFactory=null, commandListeners=[], codecRegistry=ProvidersCodecRegistry{codecProviders=[ValueCodecProvider{}, BsonValueCodecProvider{}, DBRefCodecProvider{}, DBObjectCodecProvider{}, DocumentCodecProvider{}, IterableCodecProvider{}, MapCodecProvider{}, GeoJsonCodecProvider{}, GridFSFileCodecProvider{}, Jsr310CodecProvider{}, JsonObjectCodecProvider{}, BsonCodecProvider{}, EnumCodecProvider{}, com.mongodb.Jep395RecordCodecProvider@7db40fd5]}, clusterSettings={hosts=[127.0.0.1:27017], srvHost=cluster0.wt1vqbf.mongodb.net, srvServiceName=mongodb, mode=MULTIPLE, requiredClusterType=REPLICA_SET, requiredReplicaSetName='atlas-d6ffx4-shard-0', serverSelector='null', clusterListeners='[]', serverSelectionTimeout='30000 ms', localThreshold='30000 ms'}, socketSettings=SocketSettings{connectTimeoutMS=10000, readTimeoutMS=0, receiveBufferSize=0, sendBufferSize=0}, heartbeatSocketSettings=SocketSettings{connectTimeoutMS=10000, readTimeoutMS=10000, receiveBufferSize=0, sendBufferSize=0}, connectionPoolSettings=ConnectionPoolSettings{maxSize=100, minSize=0, maxWaitTimeMS=120000, maxConnectionLifeTimeMS=0, maxConnectionIdleTimeMS=0, maintenanceInitialDelayMS=0, maintenanceFrequencyMS=60000, connectionPoolListeners=[], maxConnecting=2}, serverSettings=ServerSettings{heartbeatFrequencyMS=10000, minHeartbeatFrequencyMS=500, serverListeners='[]', serverMonitorListeners='[]'}, sslSettings=SslSettings{enabled=true, invalidHostNameAllowed=false, context=null}, applicationName='null', compressorList=[], uuidRepresentation=JAVA_LEGACY, serverApi=null, autoEncryptionSettings=null, contextProvider=null} 
26-03-06 19:27:53.144 [cluster-ClusterId{value='69aadd616e922e1ce22f36d6', description='null'}-srv-cluster0.wt1vqbf.mongodb.net] INFO  org.mongodb.driver.cluster - Adding discovered server ac-iz6ygly-shard-00-02.wt1vqbf.mongodb.net:27017 to client view of cluster 
26-03-06 19:27:53.145 [cluster-ClusterId{value='69aadd616e922e1ce22f36d6', description='null'}-srv-cluster0.wt1vqbf.mongodb.net] INFO  org.mongodb.driver.cluster - Adding discovered server ac-iz6ygly-shard-00-00.wt1vqbf.mongodb.net:27017 to client view of cluster 
26-03-06 19:27:53.766 [main] INFO  org.mongodb.driver.cluster - No server chosen by com.mongodb.client.internal.MongoClientDelegate$1@65f3e805 from cluster description ClusterDescription{type=REPLICA_SET, connectionMode=MULTIPLE, serverDescriptions=[ServerDescription{address=ac-iz6ygly-shard-00-00.wt1vqbf.mongodb.net:27017, type=UNKNOWN, state=CONNECTING}, ServerDescription{address=ac-iz6ygly-shard-00-01.wt1vqbf.mongodb.net:27017, type=UNKNOWN, state=CONNECTING}, ServerDescription{address=ac-iz6ygly-shard-00-02.wt1vqbf.mongodb.net:27017, type=UNKNOWN, state=CONNECTING}]}. Waiting for 30000 ms before timing out 
26-03-06 19:27:54.148 [cluster-rtt-ClusterId{value='69aadd616e922e1ce22f36d6', description='null'}-ac-iz6ygly-shard-00-01.wt1vqbf.mongodb.net:27017] INFO  org.mongodb.driver.connection - Opened connection [connectionId{localValue:3, serverValue:739255}] to ac-iz6ygly-shard-00-01.wt1vqbf.mongodb.net:27017 
26-03-06 19:27:54.148 [cluster-ClusterId{value='69aadd616e922e1ce22f36d6', description='null'}-ac-iz6ygly-shard-00-00.wt1vqbf.mongodb.net:27017] INFO  org.mongodb.driver.connection - Opened connection [connectionId{localValue:2, serverValue:626633}] to ac-iz6ygly-shard-00-00.wt1vqbf.mongodb.net:27017 
26-03-06 19:27:54.148 [cluster-rtt-ClusterId{value='69aadd616e922e1ce22f36d6', description='null'}-ac-iz6ygly-shard-00-02.wt1vqbf.mongodb.net:27017] INFO  org.mongodb.driver.connection - Opened connection [connectionId{localValue:5, serverValue:614926}] to ac-iz6ygly-shard-00-02.wt1vqbf.mongodb.net:27017 
26-03-06 19:27:54.148 [cluster-ClusterId{value='69aadd616e922e1ce22f36d6', description='null'}-ac-iz6ygly-shard-00-01.wt1vqbf.mongodb.net:27017] INFO  org.mongodb.driver.connection - Opened connection [connectionId{localValue:4, serverValue:739481}] to ac-iz6ygly-shard-00-01.wt1vqbf.mongodb.net:27017 
26-03-06 19:27:54.148 [cluster-rtt-ClusterId{value='69aadd616e922e1ce22f36d6', description='null'}-ac-iz6ygly-shard-00-00.wt1vqbf.mongodb.net:27017] INFO  org.mongodb.driver.connection - Opened connection [connectionId{localValue:1, serverValue:626560}] to ac-iz6ygly-shard-00-00.wt1vqbf.mongodb.net:27017 
26-03-06 19:27:54.148 [cluster-ClusterId{value='69aadd616e922e1ce22f36d6', description='null'}-ac-iz6ygly-shard-00-02.wt1vqbf.mongodb.net:27017] INFO  org.mongodb.driver.connection - Opened connection [connectionId{localValue:6, serverValue:614927}] to ac-iz6ygly-shard-00-02.wt1vqbf.mongodb.net:27017 
26-03-06 19:27:54.150 [cluster-ClusterId{value='69aadd616e922e1ce22f36d6', description='null'}-ac-iz6ygly-shard-00-00.wt1vqbf.mongodb.net:27017] INFO  org.mongodb.driver.cluster - Monitor thread successfully connected to server with description ServerDescription{address=ac-iz6ygly-shard-00-00.wt1vqbf.mongodb.net:27017, type=REPLICA_SET_SECONDARY, state=CONNECTED, ok=true, minWireVersion=0, maxWireVersion=25, maxDocumentSize=16777216, logicalSessionTimeoutMinutes=30, roundTripTimeNanos=490676900, setName='atlas-d6ffx4-shard-0', canonicalAddress=ac-iz6ygly-shard-00-00.wt1vqbf.mongodb.net:27017, hosts=[ac-iz6ygly-shard-00-02.wt1vqbf.mongodb.net:27017, ac-iz6ygly-shard-00-00.wt1vqbf.mongodb.net:27017, ac-iz6ygly-shard-00-01.wt1vqbf.mongodb.net:27017], passives=[], arbiters=[], primary='ac-iz6ygly-shard-00-01.wt1vqbf.mongodb.net:27017', tagSet=TagSet{[Tag{name='availabilityZone', value='aps1-az1'}, Tag{name='diskState', value='READY'}, Tag{name='nodeType', value='ELECTABLE'}, Tag{name='provider', value='AWS'}, Tag{name='region', value='AP_SOUTH_1'}, Tag{name='workloadType', value='OPERATIONAL'}]}, electionId=null, setVersion=28, topologyVersion=TopologyVersion{processId=699dc49c8b137b3314836215, counter=4}, lastWriteDate=Fri Mar 06 19:27:52 IST 2026, lastUpdateTimeNanos=91135432937600} 
26-03-06 19:27:54.150 [cluster-ClusterId{value='69aadd616e922e1ce22f36d6', description='null'}-ac-iz6ygly-shard-00-01.wt1vqbf.mongodb.net:27017] INFO  org.mongodb.driver.cluster - Monitor thread successfully connected to server with description ServerDescription{address=ac-iz6ygly-shard-00-01.wt1vqbf.mongodb.net:27017, type=REPLICA_SET_PRIMARY, state=CONNECTED, ok=true, minWireVersion=0, maxWireVersion=25, maxDocumentSize=16777216, logicalSessionTimeoutMinutes=30, roundTripTimeNanos=494134700, setName='atlas-d6ffx4-shard-0', canonicalAddress=ac-iz6ygly-shard-00-01.wt1vqbf.mongodb.net:27017, hosts=[ac-iz6ygly-shard-00-02.wt1vqbf.mongodb.net:27017, ac-iz6ygly-shard-00-00.wt1vqbf.mongodb.net:27017, ac-iz6ygly-shard-00-01.wt1vqbf.mongodb.net:27017], passives=[], arbiters=[], primary='ac-iz6ygly-shard-00-01.wt1vqbf.mongodb.net:27017', tagSet=TagSet{[Tag{name='availabilityZone', value='aps1-az3'}, Tag{name='diskState', value='READY'}, Tag{name='nodeType', value='ELECTABLE'}, Tag{name='provider', value='AWS'}, Tag{name='region', value='AP_SOUTH_1'}, Tag{name='workloadType', value='OPERATIONAL'}]}, electionId=7fffffff0000000000000126, setVersion=28, topologyVersion=TopologyVersion{processId=699dc73242825af7e19aff05, counter=6}, lastWriteDate=Fri Mar 06 19:27:52 IST 2026, lastUpdateTimeNanos=91135433145900} 
26-03-06 19:27:54.150 [cluster-ClusterId{value='69aadd616e922e1ce22f36d6', description='null'}-ac-iz6ygly-shard-00-02.wt1vqbf.mongodb.net:27017] INFO  org.mongodb.driver.cluster - Monitor thread successfully connected to server with description ServerDescription{address=ac-iz6ygly-shard-00-02.wt1vqbf.mongodb.net:27017, type=REPLICA_SET_SECONDARY, state=CONNECTED, ok=true, minWireVersion=0, maxWireVersion=25, maxDocumentSize=16777216, logicalSessionTimeoutMinutes=30, roundTripTimeNanos=488293300, setName='atlas-d6ffx4-shard-0', canonicalAddress=ac-iz6ygly-shard-00-02.wt1vqbf.mongodb.net:27017, hosts=[ac-iz6ygly-shard-00-02.wt1vqbf.mongodb.net:27017, ac-iz6ygly-shard-00-00.wt1vqbf.mongodb.net:27017, ac-iz6ygly-shard-00-01.wt1vqbf.mongodb.net:27017], passives=[], arbiters=[], primary='ac-iz6ygly-shard-00-01.wt1vqbf.mongodb.net:27017', tagSet=TagSet{[Tag{name='availabilityZone', value='aps1-az2'}, Tag{name='diskState', value='READY'}, Tag{name='nodeType', value='ELECTABLE'}, Tag{name='provider', value='AWS'}, Tag{name='region', value='AP_SOUTH_1'}, Tag{name='workloadType', value='OPERATIONAL'}]}, electionId=null, setVersion=28, topologyVersion=TopologyVersion{processId=699dc98a0f1c1d5f6b98f95c, counter=3}, lastWriteDate=Fri Mar 06 19:27:52 IST 2026, lastUpdateTimeNanos=91135432950500} 
26-03-06 19:27:54.161 [cluster-ClusterId{value='69aadd616e922e1ce22f36d6', description='null'}-ac-iz6ygly-shard-00-01.wt1vqbf.mongodb.net:27017] INFO  org.mongodb.driver.cluster - Setting max election id to 7fffffff0000000000000126 from replica set primary ac-iz6ygly-shard-00-01.wt1vqbf.mongodb.net:27017 
26-03-06 19:27:54.162 [cluster-ClusterId{value='69aadd616e922e1ce22f36d6', description='null'}-ac-iz6ygly-shard-00-01.wt1vqbf.mongodb.net:27017] INFO  org.mongodb.driver.cluster - Setting max set version to 28 from replica set primary ac-iz6ygly-shard-00-01.wt1vqbf.mongodb.net:27017 
26-03-06 19:27:54.162 [cluster-ClusterId{value='69aadd616e922e1ce22f36d6', description='null'}-ac-iz6ygly-shard-00-01.wt1vqbf.mongodb.net:27017] INFO  org.mongodb.driver.cluster - Discovered replica set primary ac-iz6ygly-shard-00-01.wt1vqbf.mongodb.net:27017 
26-03-06 19:27:54.504 [main] INFO  org.mongodb.driver.connection - Opened connection [connectionId{localValue:7, serverValue:738937}] to ac-iz6ygly-shard-00-01.wt1vqbf.mongodb.net:27017 
26-03-06 19:27:55.852 [main] INFO  o.s.s.web.DefaultSecurityFilterChain - Will secure any request with [org.springframework.security.web.session.DisableEncodeUrlFilter@55c46ec1, org.springframework.security.web.context.request.async.WebAsyncManagerIntegrationFilter@3eff6846, org.springframework.security.web.context.SecurityContextPersistenceFilter@1ff542a3, org.springframework.security.web.header.HeaderWriterFilter@56c6d515, org.springframework.security.web.authentication.logout.LogoutFilter@2fcc5f49, org.springframework.security.web.authentication.www.BasicAuthenticationFilter@2382b2f, org.springframework.security.web.savedrequest.RequestCacheAwareFilter@54387873, org.springframework.security.web.servletapi.SecurityContextHolderAwareRequestFilter@1d9af731, org.springframework.security.web.authentication.AnonymousAuthenticationFilter@6ae6d078, org.springframework.security.web.session.SessionManagementFilter@66863941, org.springframework.security.web.access.ExceptionTranslationFilter@3a3316b6, org.springframework.security.web.access.intercept.FilterSecurityInterceptor@38826984] 
26-03-06 19:27:56.553 [main] INFO  o.a.coyote.http11.Http11NioProtocol - Starting ProtocolHandler ["http-nio-8081"] 
26-03-06 19:27:56.599 [main] INFO  o.s.b.w.e.tomcat.TomcatWebServer - Tomcat started on port(s): 8081 (http) with context path '/journal' 
26-03-06 19:27:56.622 [main] INFO  n.e.journalApp.JournalApplication - Started JournalApplication in 8.135 seconds (JVM running for 9.623) 
