26-02-27 01:07:01.136 [cluster-ClusterId{value='69a08c69df30bc00543ba4e5', description='null'}-ac-iz6ygly-shard-00-01.wt1vqbf.mongodb.net:27017] INFO  org.mongodb.driver.cluster - Exception in monitor thread while connecting to server ac-iz6ygly-shard-00-01.wt1vqbf.mongodb.net:27017 
com.mongodb.MongoSocketReadException: Exception receiving message
	at com.mongodb.internal.connection.InternalStreamConnection.translateReadException(InternalStreamConnection.java:702)
	at com.mongodb.internal.connection.InternalStreamConnection.receiveMessageWithAdditionalTimeout(InternalStreamConnection.java:574)
	at com.mongodb.internal.connection.InternalStreamConnection.receiveCommandMessageResponse(InternalStreamConnection.java:410)
	at com.mongodb.internal.connection.InternalStreamConnection.receive(InternalStreamConnection.java:369)
	at com.mongodb.internal.connection.DefaultServerMonitor$ServerMonitorRunnable.lookupServerDescription(DefaultServerMonitor.java:221)
	at com.mongodb.internal.connection.DefaultServerMonitor$ServerMonitorRunnable.run(DefaultServerMonitor.java:157)
	at java.base/java.lang.Thread.run(Thread.java:840)
Caused by: java.net.SocketException: Socket is closed
	at java.base/java.net.Socket.setSoTimeout(Socket.java:1218)
	at java.base/sun.security.ssl.BaseSSLSocketImpl.setSoTimeout(BaseSSLSocketImpl.java:638)
	at java.base/sun.security.ssl.SSLSocketImpl.setSoTimeout(SSLSocketImpl.java:74)
	at com.mongodb.internal.connection.SocketStream.read(SocketStream.java:137)
	at com.mongodb.internal.connection.InternalStreamConnection.receiveResponseBuffers(InternalStreamConnection.java:713)
	at com.mongodb.internal.connection.InternalStreamConnection.receiveMessageWithAdditionalTimeout(InternalStreamConnection.java:571)
	... 5 common frames omitted
26-02-27 01:07:01.136 [cluster-ClusterId{value='69a08c69df30bc00543ba4e5', description='null'}-ac-iz6ygly-shard-00-02.wt1vqbf.mongodb.net:27017] INFO  org.mongodb.driver.cluster - Exception in monitor thread while connecting to server ac-iz6ygly-shard-00-02.wt1vqbf.mongodb.net:27017 
com.mongodb.MongoSocketReadException: Exception receiving message
	at com.mongodb.internal.connection.InternalStreamConnection.translateReadException(InternalStreamConnection.java:702)
	at com.mongodb.internal.connection.InternalStreamConnection.receiveMessageWithAdditionalTimeout(InternalStreamConnection.java:574)
	at com.mongodb.internal.connection.InternalStreamConnection.receiveCommandMessageResponse(InternalStreamConnection.java:410)
	at com.mongodb.internal.connection.InternalStreamConnection.receive(InternalStreamConnection.java:369)
	at com.mongodb.internal.connection.DefaultServerMonitor$ServerMonitorRunnable.lookupServerDescription(DefaultServerMonitor.java:221)
	at com.mongodb.internal.connection.DefaultServerMonitor$ServerMonitorRunnable.run(DefaultServerMonitor.java:157)
	at java.base/java.lang.Thread.run(Thread.java:840)
Caused by: java.net.SocketException: Socket is closed
	at java.base/java.net.Socket.setSoTimeout(Socket.java:1218)
	at java.base/sun.security.ssl.BaseSSLSocketImpl.setSoTimeout(BaseSSLSocketImpl.java:638)
	at java.base/sun.security.ssl.SSLSocketImpl.setSoTimeout(SSLSocketImpl.java:74)
	at com.mongodb.internal.connection.SocketStream.read(SocketStream.java:137)
	at com.mongodb.internal.connection.InternalStreamConnection.receiveResponseBuffers(InternalStreamConnection.java:713)
	at com.mongodb.internal.connection.InternalStreamConnection.receiveMessageWithAdditionalTimeout(InternalStreamConnection.java:571)
	... 5 common frames omitted
26-02-27 01:07:01.136 [cluster-ClusterId{value='69a08c69df30bc00543ba4e5', description='null'}-ac-iz6ygly-shard-00-00.wt1vqbf.mongodb.net:27017] INFO  org.mongodb.driver.cluster - Exception in monitor thread while connecting to server ac-iz6ygly-shard-00-00.wt1vqbf.mongodb.net:27017 
com.mongodb.MongoSocketReadException: Exception receiving message
	at com.mongodb.internal.connection.InternalStreamConnection.translateReadException(InternalStreamConnection.java:702)
	at com.mongodb.internal.connection.InternalStreamConnection.receiveMessageWithAdditionalTimeout(InternalStreamConnection.java:574)
	at com.mongodb.internal.connection.InternalStreamConnection.receiveCommandMessageResponse(InternalStreamConnection.java:410)
	at com.mongodb.internal.connection.InternalStreamConnection.receive(InternalStreamConnection.java:369)
	at com.mongodb.internal.connection.DefaultServerMonitor$ServerMonitorRunnable.lookupServerDescription(DefaultServerMonitor.java:221)
	at com.mongodb.internal.connection.DefaultServerMonitor$ServerMonitorRunnable.run(DefaultServerMonitor.java:157)
	at java.base/java.lang.Thread.run(Thread.java:840)
Caused by: java.net.SocketException: Socket is closed
	at java.base/java.net.Socket.setSoTimeout(Socket.java:1218)
	at java.base/sun.security.ssl.BaseSSLSocketImpl.setSoTimeout(BaseSSLSocketImpl.java:638)
	at java.base/sun.security.ssl.SSLSocketImpl.setSoTimeout(SSLSocketImpl.java:74)
	at com.mongodb.internal.connection.SocketStream.read(SocketStream.java:137)
	at com.mongodb.internal.connection.InternalStreamConnection.receiveResponseBuffers(InternalStreamConnection.java:713)
	at com.mongodb.internal.connection.InternalStreamConnection.receiveMessageWithAdditionalTimeout(InternalStreamConnection.java:571)
	... 5 common frames omitted
26-02-27 01:07:01.918 [cluster-ClusterId{value='69a08c69df30bc00543ba4e5', description='null'}-ac-iz6ygly-shard-00-00.wt1vqbf.mongodb.net:27017] INFO  org.mongodb.driver.connection - Opened connection [connectionId{localValue:9, serverValue:124489}] to ac-iz6ygly-shard-00-00.wt1vqbf.mongodb.net:27017 
26-02-27 01:07:01.921 [cluster-ClusterId{value='69a08c69df30bc00543ba4e5', description='null'}-ac-iz6ygly-shard-00-00.wt1vqbf.mongodb.net:27017] INFO  org.mongodb.driver.cluster - Monitor thread successfully connected to server with description ServerDescription{address=ac-iz6ygly-shard-00-00.wt1vqbf.mongodb.net:27017, type=REPLICA_SET_SECONDARY, state=CONNECTED, ok=true, minWireVersion=0, maxWireVersion=25, maxDocumentSize=16777216, logicalSessionTimeoutMinutes=30, roundTripTimeNanos=652298600, setName='atlas-d6ffx4-shard-0', canonicalAddress=ac-iz6ygly-shard-00-00.wt1vqbf.mongodb.net:27017, hosts=[ac-iz6ygly-shard-00-02.wt1vqbf.mongodb.net:27017, ac-iz6ygly-shard-00-00.wt1vqbf.mongodb.net:27017, ac-iz6ygly-shard-00-01.wt1vqbf.mongodb.net:27017], passives=[], arbiters=[], primary='ac-iz6ygly-shard-00-01.wt1vqbf.mongodb.net:27017', tagSet=TagSet{[Tag{name='availabilityZone', value='aps1-az1'}, Tag{name='diskState', value='READY'}, Tag{name='nodeType', value='ELECTABLE'}, Tag{name='provider', value='AWS'}, Tag{name='region', value='AP_SOUTH_1'}, Tag{name='workloadType', value='OPERATIONAL'}]}, electionId=null, setVersion=28, topologyVersion=TopologyVersion{processId=699dc49c8b137b3314836215, counter=4}, lastWriteDate=Fri Feb 27 01:07:00 IST 2026, lastUpdateTimeNanos=88325331012500} 
26-02-27 01:07:01.994 [cluster-ClusterId{value='69a08c69df30bc00543ba4e5', description='null'}-ac-iz6ygly-shard-00-02.wt1vqbf.mongodb.net:27017] INFO  org.mongodb.driver.connection - Opened connection [connectionId{localValue:10, serverValue:119888}] to ac-iz6ygly-shard-00-02.wt1vqbf.mongodb.net:27017 
26-02-27 01:07:01.994 [cluster-ClusterId{value='69a08c69df30bc00543ba4e5', description='null'}-ac-iz6ygly-shard-00-01.wt1vqbf.mongodb.net:27017] INFO  org.mongodb.driver.connection - Opened connection [connectionId{localValue:8, serverValue:143045}] to ac-iz6ygly-shard-00-01.wt1vqbf.mongodb.net:27017 
26-02-27 01:07:01.995 [cluster-ClusterId{value='69a08c69df30bc00543ba4e5', description='null'}-ac-iz6ygly-shard-00-02.wt1vqbf.mongodb.net:27017] INFO  org.mongodb.driver.cluster - Monitor thread successfully connected to server with description ServerDescription{address=ac-iz6ygly-shard-00-02.wt1vqbf.mongodb.net:27017, type=REPLICA_SET_SECONDARY, state=CONNECTED, ok=true, minWireVersion=0, maxWireVersion=25, maxDocumentSize=16777216, logicalSessionTimeoutMinutes=30, roundTripTimeNanos=392265000, setName='atlas-d6ffx4-shard-0', canonicalAddress=ac-iz6ygly-shard-00-02.wt1vqbf.mongodb.net:27017, hosts=[ac-iz6ygly-shard-00-02.wt1vqbf.mongodb.net:27017, ac-iz6ygly-shard-00-00.wt1vqbf.mongodb.net:27017, ac-iz6ygly-shard-00-01.wt1vqbf.mongodb.net:27017], passives=[], arbiters=[], primary='ac-iz6ygly-shard-00-01.wt1vqbf.mongodb.net:27017', tagSet=TagSet{[Tag{name='availabilityZone', value='aps1-az2'}, Tag{name='diskState', value='READY'}, Tag{name='nodeType', value='ELECTABLE'}, Tag{name='provider', value='AWS'}, Tag{name='region', value='AP_SOUTH_1'}, Tag{name='workloadType', value='OPERATIONAL'}]}, electionId=null, setVersion=28, topologyVersion=TopologyVersion{processId=699dc98a0f1c1d5f6b98f95c, counter=3}, lastWriteDate=Fri Feb 27 01:07:00 IST 2026, lastUpdateTimeNanos=88325407301000} 
26-02-27 01:07:01.995 [cluster-ClusterId{value='69a08c69df30bc00543ba4e5', description='null'}-ac-iz6ygly-shard-00-01.wt1vqbf.mongodb.net:27017] INFO  org.mongodb.driver.cluster - Monitor thread successfully connected to server with description ServerDescription{address=ac-iz6ygly-shard-00-01.wt1vqbf.mongodb.net:27017, type=REPLICA_SET_PRIMARY, state=CONNECTED, ok=true, minWireVersion=0, maxWireVersion=25, maxDocumentSize=16777216, logicalSessionTimeoutMinutes=30, roundTripTimeNanos=392984400, setName='atlas-d6ffx4-shard-0', canonicalAddress=ac-iz6ygly-shard-00-01.wt1vqbf.mongodb.net:27017, hosts=[ac-iz6ygly-shard-00-02.wt1vqbf.mongodb.net:27017, ac-iz6ygly-shard-00-00.wt1vqbf.mongodb.net:27017, ac-iz6ygly-shard-00-01.wt1vqbf.mongodb.net:27017], passives=[], arbiters=[], primary='ac-iz6ygly-shard-00-01.wt1vqbf.mongodb.net:27017', tagSet=TagSet{[Tag{name='availabilityZone', value='aps1-az3'}, Tag{name='diskState', value='READY'}, Tag{name='nodeType', value='ELECTABLE'}, Tag{name='provider', value='AWS'}, Tag{name='region', value='AP_SOUTH_1'}, Tag{name='workloadType', value='OPERATIONAL'}]}, electionId=7fffffff0000000000000126, setVersion=28, topologyVersion=TopologyVersion{processId=699dc73242825af7e19aff05, counter=6}, lastWriteDate=Fri Feb 27 01:07:00 IST 2026, lastUpdateTimeNanos=88325407301000} 
26-02-27 01:07:01.997 [cluster-ClusterId{value='69a08c69df30bc00543ba4e5', description='null'}-ac-iz6ygly-shard-00-01.wt1vqbf.mongodb.net:27017] INFO  org.mongodb.driver.cluster - Discovered replica set primary ac-iz6ygly-shard-00-01.wt1vqbf.mongodb.net:27017 
26-02-27 01:07:58.491 [main] INFO  n.e.journalApp.JournalApplication - Starting JournalApplication using Java 17.0.16 on DESKTOP-19CC2O2 with PID 12012 (C:\Users\Aditya Malhotra\IdeaProjects\journalApp\target\classes started by Aditya Malhotra in C:\Users\Aditya Malhotra\IdeaProjects\journalApp) 
26-02-27 01:07:58.493 [main] DEBUG n.e.journalApp.JournalApplication - Running with Spring Boot v2.7.15, Spring v5.3.29 
26-02-27 01:07:58.494 [main] INFO  n.e.journalApp.JournalApplication - The following 1 profile is active: "prod" 
26-02-27 01:07:59.219 [main] INFO  o.s.d.r.c.RepositoryConfigurationDelegate - Bootstrapping Spring Data MongoDB repositories in DEFAULT mode. 
26-02-27 01:07:59.288 [main] INFO  o.s.d.r.c.RepositoryConfigurationDelegate - Finished Spring Data repository scanning in 63 ms. Found 2 MongoDB repository interfaces. 
